[debug] [2023-03-02T17:27:31.241Z] ----------------------------------------------------------------------
[debug] [2023-03-02T17:27:31.243Z] Command:       D:\node.exe C:\Users\minjo\AppData\Roaming\npm\node_modules\firebase-tools\lib\bin\firebase.js deploy
[debug] [2023-03-02T17:27:31.243Z] CLI Version:   11.24.0
[debug] [2023-03-02T17:27:31.243Z] Platform:      win32
[debug] [2023-03-02T17:27:31.243Z] Node Version:  v16.14.2
[debug] [2023-03-02T17:27:31.244Z] Time:          Thu Mar 02 2023 19:27:31 GMT+0200 (South Africa Standard Time)
[debug] [2023-03-02T17:27:31.245Z] ----------------------------------------------------------------------
[debug] 
[debug] [2023-03-02T17:27:31.334Z] > command requires scopes: ["email","openid","https://www.googleapis.com/auth/cloudplatformprojects.readonly","https://www.googleapis.com/auth/firebase","https://www.googleapis.com/auth/cloud-platform"]
[debug] [2023-03-02T17:27:31.335Z] > authorizing via signed-in user (minjon.holtzhausen@gmail.com)
[debug] [2023-03-02T17:27:31.335Z] [iam] checking project bbs-website-2389d for permissions ["firebase.projects.get","firebasehosting.sites.update"]
[debug] [2023-03-02T17:27:31.337Z] >>> [apiv2][query] POST https://cloudresourcemanager.googleapis.com/v1/projects/bbs-website-2389d:testIamPermissions [none]
[debug] [2023-03-02T17:27:31.337Z] >>> [apiv2][(partial)header] POST https://cloudresourcemanager.googleapis.com/v1/projects/bbs-website-2389d:testIamPermissions x-goog-quota-user=projects/bbs-website-2389d
[debug] [2023-03-02T17:27:31.338Z] >>> [apiv2][body] POST https://cloudresourcemanager.googleapis.com/v1/projects/bbs-website-2389d:testIamPermissions {"permissions":["firebase.projects.get","firebasehosting.sites.update"]}
[debug] [2023-03-02T17:27:33.121Z] <<< [apiv2][status] POST https://cloudresourcemanager.googleapis.com/v1/projects/bbs-website-2389d:testIamPermissions 200
[debug] [2023-03-02T17:27:33.121Z] <<< [apiv2][body] POST https://cloudresourcemanager.googleapis.com/v1/projects/bbs-website-2389d:testIamPermissions {"permissions":["firebase.projects.get","firebasehosting.sites.update"]}
[debug] [2023-03-02T17:27:33.122Z] >>> [apiv2][query] GET https://firebase.googleapis.com/v1beta1/projects/bbs-website-2389d [none]
[debug] [2023-03-02T17:27:33.709Z] <<< [apiv2][status] GET https://firebase.googleapis.com/v1beta1/projects/bbs-website-2389d 200
[debug] [2023-03-02T17:27:33.709Z] <<< [apiv2][body] GET https://firebase.googleapis.com/v1beta1/projects/bbs-website-2389d {"projectId":"bbs-website-2389d","projectNumber":"639485515631","displayName":"bbs-website","name":"projects/bbs-website-2389d","resources":{"hostingSite":"bbs-website-2389d"},"state":"ACTIVE","etag":"1_07cb3840-cfce-4486-b2b0-2cfe446ce274"}
[debug] [2023-03-02T17:27:36.548Z] >>> [apiv2][query] GET https://firebasehosting.googleapis.com/v1beta1/projects/bbs-website-2389d/sites pageToken=&pageSize=10
[debug] [2023-03-02T17:27:38.446Z] <<< [apiv2][status] GET https://firebasehosting.googleapis.com/v1beta1/projects/bbs-website-2389d/sites 200
[debug] [2023-03-02T17:27:38.446Z] <<< [apiv2][body] GET https://firebasehosting.googleapis.com/v1beta1/projects/bbs-website-2389d/sites {"sites":[{"name":"projects/bbs-website-2389d/sites/bbs-truss-division","defaultUrl":"https://bbs-truss-division.web.app","type":"USER_SITE"},{"name":"projects/bbs-website-2389d/sites/bbs-website-2389d","defaultUrl":"https://bbs-website-2389d.web.app","type":"DEFAULT_SITE"}]}
[debug] [2023-03-02T17:27:38.447Z] >>> [apiv2][query] GET https://firebasehosting.googleapis.com/v1beta1/projects/bbs-website-2389d/sites 
[debug] [2023-03-02T17:27:40.320Z] <<< [apiv2][status] GET https://firebasehosting.googleapis.com/v1beta1/projects/bbs-website-2389d/sites 200
[debug] [2023-03-02T17:27:40.320Z] <<< [apiv2][body] GET https://firebasehosting.googleapis.com/v1beta1/projects/bbs-website-2389d/sites {"sites":[{"name":"projects/bbs-website-2389d/sites/bbs-truss-division","defaultUrl":"https://bbs-truss-division.web.app","type":"USER_SITE"},{"name":"projects/bbs-website-2389d/sites/bbs-website-2389d","defaultUrl":"https://bbs-website-2389d.web.app","type":"DEFAULT_SITE"}]}
[debug] [2023-03-02T17:27:40.321Z] >>> [apiv2][query] GET https://firebase.googleapis.com/v1beta1/projects/bbs-website-2389d/webApps/-/config [none]
[debug] [2023-03-02T17:27:41.164Z] <<< [apiv2][status] GET https://firebase.googleapis.com/v1beta1/projects/bbs-website-2389d/webApps/-/config 200
[debug] [2023-03-02T17:27:41.164Z] <<< [apiv2][body] GET https://firebase.googleapis.com/v1beta1/projects/bbs-website-2389d/webApps/-/config {"projectId":"bbs-website-2389d","storageBucket":"bbs-website-2389d.appspot.com","apiKey":"AIzaSyDs54CgXALcN09U6Nox1zjIOBpN2X-_Gak","authDomain":"bbs-website-2389d.firebaseapp.com","messagingSenderId":"639485515631"}
